// Jest Snapshot v1, https://goo.gl/fbAQLP

exports[`Board class 1`] = `
<div>
  <div
    className="status"
    data-test="gameStatus"
  >
    Next player: X
  </div>
  <div
    className="board-row"
  >
    <button
      className="square"
      data-test="square"
      onClick={[Function]}
    >
      
    </button>
    <button
      className="square"
      data-test="square"
      onClick={[Function]}
    />
    <button
      className="square"
      data-test="square"
      onClick={[Function]}
    />
  </div>
  <div
    className="board-row"
  >
    <button
      className="square"
      data-test="square"
      onClick={[Function]}
    />
    <button
      className="square"
      data-test="square"
      onClick={[Function]}
    />
    <button
      className="square"
      data-test="square"
      onClick={[Function]}
    />
  </div>
  <div
    className="board-row"
  >
    <button
      className="square"
      data-test="square"
      onClick={[Function]}
    />
    <button
      className="square"
      data-test="square"
      onClick={[Function]}
    />
    <button
      className="square"
      data-test="square"
      onClick={[Function]}
    />
  </div>
</div>
`;
