// Jest Snapshot v1, https://goo.gl/fbAQLP

exports[`genMoves 1`] = `"[{\\"type\\":\\"li\\",\\"key\\":\\"0\\",\\"ref\\":null,\\"props\\":{\\"children\\":{\\"type\\":\\"button\\",\\"key\\":null,\\"ref\\":null,\\"props\\":{\\"children\\":\\"Go to game start\\"},\\"_owner\\":null,\\"_store\\":{}}},\\"_owner\\":null,\\"_store\\":{}},{\\"type\\":\\"li\\",\\"key\\":\\"1\\",\\"ref\\":null,\\"props\\":{\\"children\\":{\\"type\\":\\"button\\",\\"key\\":null,\\"ref\\":null,\\"props\\":{\\"children\\":\\"Go to move #1\\"},\\"_owner\\":null,\\"_store\\":{}}},\\"_owner\\":null,\\"_store\\":{}},{\\"type\\":\\"li\\",\\"key\\":\\"2\\",\\"ref\\":null,\\"props\\":{\\"children\\":{\\"type\\":\\"button\\",\\"key\\":null,\\"ref\\":null,\\"props\\":{\\"children\\":\\"Go to move #2\\"},\\"_owner\\":null,\\"_store\\":{}}},\\"_owner\\":null,\\"_store\\":{}},{\\"type\\":\\"li\\",\\"key\\":\\"3\\",\\"ref\\":null,\\"props\\":{\\"children\\":{\\"type\\":\\"button\\",\\"key\\":null,\\"ref\\":null,\\"props\\":{\\"children\\":\\"Go to move #3\\"},\\"_owner\\":null,\\"_store\\":{}}},\\"_owner\\":null,\\"_store\\":{}},{\\"type\\":\\"li\\",\\"key\\":\\"4\\",\\"ref\\":null,\\"props\\":{\\"children\\":{\\"type\\":\\"button\\",\\"key\\":null,\\"ref\\":null,\\"props\\":{\\"children\\":\\"Go to move #4\\"},\\"_owner\\":null,\\"_store\\":{}}},\\"_owner\\":null,\\"_store\\":{}},{\\"type\\":\\"li\\",\\"key\\":\\"5\\",\\"ref\\":null,\\"props\\":{\\"children\\":{\\"type\\":\\"button\\",\\"key\\":null,\\"ref\\":null,\\"props\\":{\\"children\\":\\"Go to move #5\\"},\\"_owner\\":null,\\"_store\\":{}}},\\"_owner\\":null,\\"_store\\":{}},{\\"type\\":\\"li\\",\\"key\\":\\"6\\",\\"ref\\":null,\\"props\\":{\\"children\\":{\\"type\\":\\"button\\",\\"key\\":null,\\"ref\\":null,\\"props\\":{\\"children\\":\\"Go to move #6\\"},\\"_owner\\":null,\\"_store\\":{}}},\\"_owner\\":null,\\"_store\\":{}},{\\"type\\":\\"li\\",\\"key\\":\\"7\\",\\"ref\\":null,\\"props\\":{\\"children\\":{\\"type\\":\\"button\\",\\"key\\":null,\\"ref\\":null,\\"props\\":{\\"children\\":\\"Go to move #7\\"},\\"_owner\\":null,\\"_store\\":{}}},\\"_owner\\":null,\\"_store\\":{}},{\\"type\\":\\"li\\",\\"key\\":\\"8\\",\\"ref\\":null,\\"props\\":{\\"children\\":{\\"type\\":\\"button\\",\\"key\\":null,\\"ref\\":null,\\"props\\":{\\"children\\":\\"Go to move #8\\"},\\"_owner\\":null,\\"_store\\":{}}},\\"_owner\\":null,\\"_store\\":{}},{\\"type\\":\\"li\\",\\"key\\":\\"9\\",\\"ref\\":null,\\"props\\":{\\"children\\":{\\"type\\":\\"button\\",\\"key\\":null,\\"ref\\":null,\\"props\\":{\\"children\\":\\"Go to move #9\\"},\\"_owner\\":null,\\"_store\\":{}}},\\"_owner\\":null,\\"_store\\":{}}]"`;
