// Jest Snapshot v1, https://goo.gl/fbAQLP

exports[`Square class 1`] = `
<button
  className="square"
  onClick={[Function]}
>
  
</button>
`;
